#Versione
r:"^v([0-9]+)$"=v$1
r:"(^[\s\S]+)(\[MODDED\])$"=$1[MODDÉ]

Adjust screen brightness until the symbol on the right is barely visible.=Réglez la luminosité jusqu'a ce que le symbole soit à peine visible.
Voice volume=Volume voix

# Menù
LAUNCH MODE=Mode de lancement
> Online=> En ligne
> LAN=> LAN 
  Online=  En ligne
  LAN=  LAN
  (Recommended)= 

> Host=> Créer un serveur
> Join a crew=> Rejoindre une partie
> Settings=> Paramètres
> Credits=> Crédits
Credits=Crédits
> Quit=> Quitter

Host LAN Server:=Héberger serveur LAN:
Allow remote connections=Autoriser connexions à distance
Local-only=Local uniquement

An error occured!=Une erreur s'est produite !
Could not connect to Steam servers! (If you just want to play on your local network, choose LAN on launch.)=Erreur de connexion à Steam ! (Si vous souhaitez jouer en local, choisissez LAN au lancement du jeu.)
Continue=Continuer

> Join LAN session=> Rejoindre une session lan
(Launched in LAN mode)=(Lancement en mode LAN)
You are in LAN mode. When allowing remote connections through LAN, please ensure you have sufficient network security such as a firewall and/or VPN.=Vous êtes en mode LAN. Quand vous autorisez des connexions à distance grâce au LAN, assurez-vous d'avoir sécurisé votre réseau grâce à un Pare-feu et/ou un VPN.

Would you like to leave the game?=Voulez-vous quitter la partie ?
> Confirm=> Confirmer
> Cancel=> Annuler

Server name:=Nom du serveur:
Public=Public
PUBLIC means your game will be visible on the server list for all to see.=PUBLIC signifie que votre partie sera visible sur la liste des serveurs.
Friends-only=Amis uniquement
PRIVATE means you must send invites through Steam for players to join.=AMIS UNIQUEMENT signifie vous devrez inviter vos amis grâce à Steam.
[ Confirm ]=[Confirmer]
[ Back ]=[Retour]

# v47  (challenge moons/lunes de défi Besoin de trad a l'écran des résultats du défi, j'arrive pas a faire le regex pour le 'X Collected la)

This is the weekly challenge moon. You have one day to make as much profit as possible.=C'est la lune de défi hebdomadaire. Vous n'avez qu'un seul jour pour faire le plus de profit possible.
AS MUCH PROFIT AS POSSIBLE=LE PLUS DE PROFIT POSSIBLE
CHALLENGE RESULTS:=RESULTATS DU DÉFI:
Your rank:=Votre rang:
(See how you compare to friends in the main menu leaderboard!)=(Comparez vos scores avec celui de vos amis dans le classement du menu principal!)
Sort: Friends=Trier: Amis
Sort: Similar rank=Trier: de rang similaire
Sort: Top 20=Trier: Top 20
[ Remove my score ]=[Supprimer mon score]
[ Play again ]=[Retenter]
Deceased=Mort
Alive=Vivant
(Removed score)=(Score retiré)

Started server, joining...=Serveur démarré, en train de rejoindre...
Loading...=Chargement...

Save File=Sauvegarde
r:"^File ([0-9]+)$"=Fichier $1
r:"^(\$[0-9]+)\\nDays: ([0-9]+)$"=$1\nJours: $2

Servers=Serveurs
[ Refresh ]=<size\=16>[Actualiser]</size>
Sort: near=Trier: Proche
Sort: far=Trier: Lointain
Sort: worldwide=Trier: Mondial
Join=<size\=14>Rejoindre</size>
> Back to menu=> Retour au menu

r:"^Do you want to delete File (.*)\?$"=Voulez-vous supprimer le fichier $1?

Delete=Supprimer
Go back=Revenir en arrière
Back=Retour

> Back=> Retour
DISCARD=> Annuler
Discard=Annuler
Discard changes=Annuler les modifications
Confirm=Confirmer
Confirm changes?=Confirmer les changements ?
Unconfirmed changes!=Changements non sauvegardés !

> Resume=> Reprendre
> Invite friends=> Inviter des amis

BROADCASTED SPECIAL CODE=CODE SPÉCIAL TRANSMIS
Press "/" to talk.="/" pour écrire.

Tell autopilot ship to leave early : [RMB] (Hold)=Demander un départ anticipé : [Clic droit] (Maintenir)
Voted for ship to leave early=Vous avez demandé un départ anticipé.
TIP!: Hold [RMB] to vote for the autopilot ship to leave early=CONSEIL!: Maintenez [Clic droit] pour voter un départ anticipé.
[LIFE SUPPORT: OFFLINE]=[SYSTÈME DE SURVIE: HS]
(Dead)=(Mort)
Oxygen critically low!= Niveau d'oxygène critique !

YOU ARE FIRED.=<size\=52>VOUS ÊTES VIRÉ</size>.
You did not meet the profit quota before the deadline.=Vous n'avez pas atteint le quota avant l'échéance.
CRITICAL INJURY=SANTÉ CRITIQUE
Fines=Bilan
r:"^Found journal entry(.+)"=Entree de journal obtenue$1 

RECEIVING SIGNAL=TRANSMISSION ENTRANTE
